// Jest Snapshot v1, https://goo.gl/fbAQLP

exports[`TearsheetSmall renders 1`] = `ShallowWrapper {}`;

exports[`TearsheetSmall renders disabled buttons 1`] = `ShallowWrapper {}`;

exports[`TearsheetSmall renders loading state 1`] = `ShallowWrapper {}`;

exports[`TearsheetSmall should override \`labels\` if button label property provided 1`] = `ShallowWrapper {}`;
