// Jest Snapshot v1, https://goo.gl/fbAQLP

exports[`DelimitedList renders correctly 1`] = `ShallowWrapper {}`;
