// Jest Snapshot v1, https://goo.gl/fbAQLP

exports[`Icon Rendering renders correctly 1`] = `ShallowWrapper {}`;

exports[`Icon Rendering renders correctly 2`] = `ShallowWrapper {}`;

exports[`Icon Rendering renders the HTML of the node's subtree 1`] = `
LoadedCheerio {
  "0": Node {
    "attribs": Object {
      "aria-hidden": "true",
      "class": "security--icon class",
      "fill": "currentColor",
      "focusable": "false",
      "height": "16",
      "preserveAspectRatio": "xMidYMid meet",
      "style": "will-change:transform",
      "viewBox": "0 0 32 32",
      "width": "16",
      "xmlns": "http://www.w3.org/2000/svg",
    },
    "children": Array [
      Node {
        "attribs": Object {
          "d": "M17 15L17 8 15 8 15 15 8 15 8 17 15 17 15 24 17 24 17 17 24 17 24 15z",
        },
        "children": Array [],
        "name": "path",
        "namespace": "http://www.w3.org/2000/svg",
        "next": null,
        "parent": [Circular],
        "prev": null,
        "type": "tag",
        "x-attribsNamespace": Object {
          "d": undefined,
        },
        "x-attribsPrefix": Object {
          "d": undefined,
        },
      },
    ],
    "name": "svg",
    "namespace": "http://www.w3.org/2000/svg",
    "next": null,
    "parent": Node {
      "children": Array [
        [Circular],
      ],
      "name": "root",
      "next": null,
      "parent": null,
      "prev": null,
      "type": "root",
    },
    "prev": null,
    "type": "tag",
    "x-attribsNamespace": Object {
      "aria-hidden": undefined,
      "class": undefined,
      "fill": undefined,
      "focusable": undefined,
      "height": undefined,
      "preserveAspectRatio": undefined,
      "style": undefined,
      "viewBox": undefined,
      "width": undefined,
      "xmlns": "http://www.w3.org/2000/xmlns/",
    },
    "x-attribsPrefix": Object {
      "aria-hidden": undefined,
      "class": undefined,
      "fill": undefined,
      "focusable": undefined,
      "height": undefined,
      "preserveAspectRatio": undefined,
      "style": undefined,
      "viewBox": undefined,
      "width": undefined,
      "xmlns": "",
    },
  },
  "_root": LoadedCheerio {
    "0": Node {
      "children": Array [
        Node {
          "attribs": Object {},
          "children": Array [
            Node {
              "attribs": Object {},
              "children": Array [],
              "name": "head",
              "namespace": "http://www.w3.org/1999/xhtml",
              "next": Node {
                "attribs": Object {},
                "children": Array [],
                "name": "body",
                "namespace": "http://www.w3.org/1999/xhtml",
                "next": null,
                "parent": [Circular],
                "prev": [Circular],
                "type": "tag",
                "x-attribsNamespace": Object {},
                "x-attribsPrefix": Object {},
              },
              "parent": [Circular],
              "prev": null,
              "type": "tag",
              "x-attribsNamespace": Object {},
              "x-attribsPrefix": Object {},
            },
            Node {
              "attribs": Object {},
              "children": Array [],
              "name": "body",
              "namespace": "http://www.w3.org/1999/xhtml",
              "next": null,
              "parent": [Circular],
              "prev": Node {
                "attribs": Object {},
                "children": Array [],
                "name": "head",
                "namespace": "http://www.w3.org/1999/xhtml",
                "next": [Circular],
                "parent": [Circular],
                "prev": null,
                "type": "tag",
                "x-attribsNamespace": Object {},
                "x-attribsPrefix": Object {},
              },
              "type": "tag",
              "x-attribsNamespace": Object {},
              "x-attribsPrefix": Object {},
            },
          ],
          "name": "html",
          "namespace": "http://www.w3.org/1999/xhtml",
          "next": null,
          "parent": [Circular],
          "prev": null,
          "type": "tag",
          "x-attribsNamespace": Object {},
          "x-attribsPrefix": Object {},
        },
      ],
      "name": "root",
      "next": null,
      "parent": null,
      "prev": null,
      "type": "root",
      "x-mode": "quirks",
    },
    "_root": [Circular],
    "length": 1,
    "options": Object {
      "decodeEntities": true,
      "xml": false,
    },
  },
  "length": 1,
  "options": Object {
    "decodeEntities": true,
    "xml": false,
  },
}
`;

exports[`Icon Rendering renders the path variation correctly 1`] = `ShallowWrapper {}`;
