// Jest Snapshot v1, https://goo.gl/fbAQLP

exports[`Header Render Props tests should render labels by render prop 1`] = `ShallowWrapper {}`;

exports[`Header Render Props tests should render login and signup buttons via a render prop 1`] = `ShallowWrapper {}`;

exports[`Header Rendering renders correctly 1`] = `ReactWrapper {}`;
