// Jest Snapshot v1, https://goo.gl/fbAQLP

exports[`HeaderNotification Rendering renders correctly 1`] = `ShallowWrapper {}`;
